"""
Divide each element of the matrix 
by a given number
returns each position / div
"""
First import
``matrix_divided``
>>> matrix_divided = __import__('2-matrix_divided').matrix_divided

# Different list sizes
>>> matrix = [[1, 2, 3], [1, 2, 3, 4]]
>>> matrix_divided(matrix, 3)
Traceback (most recent call last):
...
TypeError: Each row of the matrix must have the same size

# Matrix elements divided by a float
>>> matrix = [[1, 2, 3], [4, 5, 6]]
>>> matrix_divided(matrix, 3.14)
[[0.32, 0.64, 0.96], [1.27, 1.59, 1.91]]

# Matrix empty
>>> matrix =[[]]
>>> matrix_divided(matrix, 3)
[[]]

# Lists with characters
>>> matrix = [[1, 2, 3], [4, 'l', 6]]
>>> matrix_divided(matrix, 3)
Traceback (most recent call last):
...
TypeError: matrix must be a matrix (list of lists) of integers/floats

# division by zero
>>> matrix = [[1, 2, 3], [4, 5, 6]]
>>> matrix_divided(matrix, 0)
Traceback (most recent call last):
...
ZeroDivisionError: division by zero

# Matrix whit strings
>>> matrix = [["hello", "world", 3], [4, 5, 6]]
>>> matrix_divided(matrix, 2)
Traceback (most recent call last):
...
TypeError: matrix must be a matrix (list of lists) of integers/floats
